INFO:     已挂载前端 SPA（/assets + index 回退）: E:\Demo\Cursor\PythonBlog\frontend\dist
INFO:     Started server process [17760]
INFO:     Waiting for application startup.
e:\Demo\Cursor\PythonBlog\backend\app\database.py:30: SAWarning: Unrecognized server version info '17.0.1000.7'.  Some SQL Server features may not function properly.
  _orig(self)
INFO:     已检查/创建数据库: BlogDB
INFO:     数据库初始化成功
INFO:     Application startup complete.
INFO:     Uvicorn running on http://127.0.0.1:16495 (Press CTRL+C to quit)
INFO:     127.0.0.1:63290:0 - "GET /admin/dashboard HTTP/1.1" 200 OK
INFO:     127.0.0.1:63290:0 - "GET /assets/index-B8OpLjNW.js HTTP/1.1" 200 OK
INFO:     127.0.0.1:56136:0 - "GET /assets/index-CuZp0JMG.css HTTP/1.1" 200 OK
INFO:     127.0.0.1:56136:0 - "GET /favicon.ico HTTP/1.1" 200 OK
INFO:     127.0.0.1:63290:0 - "GET /api/auth/me HTTP/1.1" 200 OK
INFO:     127.0.0.1:56136:0 - "GET /api/admin/ops/trends?start_date=2026-03-31&end_date=2026-04-13 HTTP/1.1" 200 OK
INFO:     127.0.0.1:63290:0 - "GET /api/admin/ops/dashboard/visual?start_date=2026-03-31&end_date=2026-04-13 HTTP/1.1" 500 Internal Server Error
ERROR:    Exception in ASGI application
Traceback (most recent call last):
  File "C:\Users\Administrator\AppData\Local\Programs\Python\Python312\Lib\site-packages\sqlalchemy\engine\base.py", line 1967, in _exec_single_context
    self.dialect.do_execute(
  File "C:\Users\Administrator\AppData\Local\Programs\Python\Python312\Lib\site-packages\sqlalchemy\engine\default.py", line 941, in do_execute
    cursor.execute(statement, parameters)
pyodbc.ProgrammingError: ('42000', "[42000] [Microsoft][ODBC Driver 18 for SQL Server][SQL Server]选择列表中的列 'users.username' 无效，因为该列没有包含在聚合函数或 GROUP BY 子句中。 (8120) (SQLExecDirectW); [42000] [Microsoft][ODBC Driver 18 for SQL Server][SQL Server]选择列表中的列 'users.username' 无效，因为该列没有包含在聚合函数或 GROUP BY 子句中。 (8120); [42000] [Microsoft][ODBC Driver 18 for SQL Server][SQL Server]选择列表中的列 'users.username' 无效，因为该列没有包含在聚合函数或 GROUP BY 子句中。 (8120); [42000] [Microsoft][ODBC Driver 18 for SQL Server][SQL Server]选择列表中的列 'users.username' 无效，因为该列没有包含在聚合函数或 GROUP BY 子句中。 (8120); [42000] [Microsoft][ODBC Driver 18 for SQL Server][SQL Server]选择列表中的列 'users.username' 无效，因为该列没有包含在聚合函数或 GROUP BY 子句中。 (8120); [42000] [Microsoft][ODBC Driver 18 for SQL Server][SQL Server]选择列表中的列 'users.username' 无效，因为该列没有包含在聚合函数或 GROUP BY 子句中。 (8120); [42000] [Microsoft][ODBC Driver 18 for SQL Server][SQL Server]选择列表中的列 'users.username' 无效，因为该列没有包含在聚合函数或 GROUP BY 子句中。 (8120); [42000] [Microsoft][ODBC Driver 18 for SQL Server][SQL Server]选择列表中的列 'users.username' 无效，因为该列没有包含在聚合函数或 GROUP BY 子句中。 (8120); [42000] [Microsoft][ODBC Driver 18 for SQL Server][SQL Server]无法预定义语句。 (8180)")

The above exception was the direct cause of the following exception:

Traceback (most recent call last):
  File "C:\Users\Administrator\AppData\Local\Programs\Python\Python312\Lib\site-packages\uvicorn\protocols\http\httptools_impl.py", line 409, in run_asgi
    result = await app(  # type: ignore[func-returns-value]
             ^^^^^^^^^^^^^^^^^^^^^^^^^^^^^^^^^^^^^^^^^^^^^^
  File "C:\Users\Administrator\AppData\Local\Programs\Python\Python312\Lib\site-packages\uvicorn\middleware\proxy_headers.py", line 60, in __call__
    return await self.app(scope, receive, send)
           ^^^^^^^^^^^^^^^^^^^^^^^^^^^^^^^^^^^^
  File "C:\Users\Administrator\AppData\Local\Programs\Python\Python312\Lib\site-packages\fastapi\applications.py", line 1054, in __call__
    await super().__call__(scope, receive, send)
  File "C:\Users\Administrator\AppData\Local\Programs\Python\Python312\Lib\site-packages\starlette\applications.py", line 113, in __call__
    await self.middleware_stack(scope, receive, send)
  File "C:\Users\Administrator\AppData\Local\Programs\Python\Python312\Lib\site-packages\starlette\middleware\errors.py", line 187, in __call__
    raise exc
  File "C:\Users\Administrator\AppData\Local\Programs\Python\Python312\Lib\site-packages\starlette\middleware\errors.py", line 165, in __call__
    await self.app(scope, receive, _send)
  File "C:\Users\Administrator\AppData\Local\Programs\Python\Python312\Lib\site-packages\starlette\middleware\base.py", line 185, in __call__
    with collapse_excgroups():
         ^^^^^^^^^^^^^^^^^^^^
  File "C:\Users\Administrator\AppData\Local\Programs\Python\Python312\Lib\contextlib.py", line 158, in __exit__
    self.gen.throw(value)
  File "C:\Users\Administrator\AppData\Local\Programs\Python\Python312\Lib\site-packages\starlette\_utils.py", line 82, in collapse_excgroups
    raise exc
  File "C:\Users\Administrator\AppData\Local\Programs\Python\Python312\Lib\site-packages\starlette\middleware\base.py", line 187, in __call__
    response = await self.dispatch_func(request, call_next)
               ^^^^^^^^^^^^^^^^^^^^^^^^^^^^^^^^^^^^^^^^^^^^
  File "e:\Demo\Cursor\PythonBlog\backend\app\http_middleware.py", line 37, in api_database_gate
    return await call_next(request)
           ^^^^^^^^^^^^^^^^^^^^^^^^
  File "C:\Users\Administrator\AppData\Local\Programs\Python\Python312\Lib\site-packages\starlette\middleware\base.py", line 163, in call_next
    raise app_exc
  File "C:\Users\Administrator\AppData\Local\Programs\Python\Python312\Lib\site-packages\starlette\middleware\base.py", line 149, in coro
    await self.app(scope, receive_or_disconnect, send_no_error)
  File "C:\Users\Administrator\AppData\Local\Programs\Python\Python312\Lib\site-packages\starlette\middleware\cors.py", line 85, in __call__
    await self.app(scope, receive, send)
  File "C:\Users\Administrator\AppData\Local\Programs\Python\Python312\Lib\site-packages\starlette\middleware\exceptions.py", line 62, in __call__
    await wrap_app_handling_exceptions(self.app, conn)(scope, receive, send)
  File "C:\Users\Administrator\AppData\Local\Programs\Python\Python312\Lib\site-packages\starlette\_exception_handler.py", line 53, in wrapped_app
    raise exc
  File "C:\Users\Administrator\AppData\Local\Programs\Python\Python312\Lib\site-packages\starlette\_exception_handler.py", line 42, in wrapped_app
    await app(scope, receive, sender)
  File "C:\Users\Administrator\AppData\Local\Programs\Python\Python312\Lib\site-packages\starlette\routing.py", line 715, in __call__
    await self.middleware_stack(scope, receive, send)
  File "C:\Users\Administrator\AppData\Local\Programs\Python\Python312\Lib\site-packages\starlette\routing.py", line 735, in app
    await route.handle(scope, receive, send)
  File "C:\Users\Administrator\AppData\Local\Programs\Python\Python312\Lib\site-packages\starlette\routing.py", line 288, in handle
    await self.app(scope, receive, send)
  File "C:\Users\Administrator\AppData\Local\Programs\Python\Python312\Lib\site-packages\starlette\routing.py", line 76, in app
    await wrap_app_handling_exceptions(app, request)(scope, receive, send)
  File "C:\Users\Administrator\AppData\Local\Programs\Python\Python312\Lib\site-packages\starlette\_exception_handler.py", line 53, in wrapped_app
    raise exc
  File "C:\Users\Administrator\AppData\Local\Programs\Python\Python312\Lib\site-packages\starlette\_exception_handler.py", line 42, in wrapped_app
    await app(scope, receive, sender)
  File "C:\Users\Administrator\AppData\Local\Programs\Python\Python312\Lib\site-packages\starlette\routing.py", line 73, in app
    response = await f(request)
               ^^^^^^^^^^^^^^^^
  File "C:\Users\Administrator\AppData\Local\Programs\Python\Python312\Lib\site-packages\fastapi\routing.py", line 301, in app
    raw_response = await run_endpoint_function(
                   ^^^^^^^^^^^^^^^^^^^^^^^^^^^^
  File "C:\Users\Administrator\AppData\Local\Programs\Python\Python312\Lib\site-packages\fastapi\routing.py", line 214, in run_endpoint_function
    return await run_in_threadpool(dependant.call, **values)
           ^^^^^^^^^^^^^^^^^^^^^^^^^^^^^^^^^^^^^^^^^^^^^^^^^
  File "C:\Users\Administrator\AppData\Local\Programs\Python\Python312\Lib\site-packages\starlette\concurrency.py", line 39, in run_in_threadpool
    return await anyio.to_thread.run_sync(func, *args)
           ^^^^^^^^^^^^^^^^^^^^^^^^^^^^^^^^^^^^^^^^^^^
  File "C:\Users\Administrator\AppData\Local\Programs\Python\Python312\Lib\site-packages\anyio\to_thread.py", line 63, in run_sync
    return await get_async_backend().run_sync_in_worker_thread(
           ^^^^^^^^^^^^^^^^^^^^^^^^^^^^^^^^^^^^^^^^^^^^^^^^^^^^
  File "C:\Users\Administrator\AppData\Local\Programs\Python\Python312\Lib\site-packages\anyio\_backends\_asyncio.py", line 2518, in run_sync_in_worker_thread
    return await future
           ^^^^^^^^^^^^
  File "C:\Users\Administrator\AppData\Local\Programs\Python\Python312\Lib\site-packages\anyio\_backends\_asyncio.py", line 1002, in run
    result = context.run(func, *args)
             ^^^^^^^^^^^^^^^^^^^^^^^^
  File "e:\Demo\Cursor\PythonBlog\backend\app\routers\ops.py", line 341, in dashboard_visual
    .all()
     ^^^^^
  File "C:\Users\Administrator\AppData\Local\Programs\Python\Python312\Lib\site-packages\sqlalchemy\orm\query.py", line 2673, in all
    return self._iter().all()  # type: ignore
           ^^^^^^^^^^^^
  File "C:\Users\Administrator\AppData\Local\Programs\Python\Python312\Lib\site-packages\sqlalchemy\orm\query.py", line 2827, in _iter
    result: Union[ScalarResult[_T], Result[_T]] = self.session.execute(
                                                  ^^^^^^^^^^^^^^^^^^^^^
  File "C:\Users\Administrator\AppData\Local\Programs\Python\Python312\Lib\site-packages\sqlalchemy\orm\session.py", line 2362, in execute
    return self._execute_internal(
           ^^^^^^^^^^^^^^^^^^^^^^^
  File "C:\Users\Administrator\AppData\Local\Programs\Python\Python312\Lib\site-packages\sqlalchemy\orm\session.py", line 2247, in _execute_internal
    result: Result[Any] = compile_state_cls.orm_execute_statement(
                          ^^^^^^^^^^^^^^^^^^^^^^^^^^^^^^^^^^^^^^^^
  File "C:\Users\Administrator\AppData\Local\Programs\Python\Python312\Lib\site-packages\sqlalchemy\orm\context.py", line 305, in orm_execute_statement
    result = conn.execute(
             ^^^^^^^^^^^^^
  File "C:\Users\Administrator\AppData\Local\Programs\Python\Python312\Lib\site-packages\sqlalchemy\engine\base.py", line 1418, in execute
    return meth(
           ^^^^^
  File "C:\Users\Administrator\AppData\Local\Programs\Python\Python312\Lib\site-packages\sqlalchemy\sql\elements.py", line 515, in _execute_on_connection
    return connection._execute_clauseelement(
           ^^^^^^^^^^^^^^^^^^^^^^^^^^^^^^^^^^
  File "C:\Users\Administrator\AppData\Local\Programs\Python\Python312\Lib\site-packages\sqlalchemy\engine\base.py", line 1640, in _execute_clauseelement
    ret = self._execute_context(
          ^^^^^^^^^^^^^^^^^^^^^^
  File "C:\Users\Administrator\AppData\Local\Programs\Python\Python312\Lib\site-packages\sqlalchemy\engine\base.py", line 1846, in _execute_context
    return self._exec_single_context(
           ^^^^^^^^^^^^^^^^^^^^^^^^^^
  File "C:\Users\Administrator\AppData\Local\Programs\Python\Python312\Lib\site-packages\sqlalchemy\engine\base.py", line 1986, in _exec_single_context
    self._handle_dbapi_exception(
  File "C:\Users\Administrator\AppData\Local\Programs\Python\Python312\Lib\site-packages\sqlalchemy\engine\base.py", line 2355, in _handle_dbapi_exception
    raise sqlalchemy_exception.with_traceback(exc_info[2]) from e
  File "C:\Users\Administrator\AppData\Local\Programs\Python\Python312\Lib\site-packages\sqlalchemy\engine\base.py", line 1967, in _exec_single_context
    self.dialect.do_execute(
  File "C:\Users\Administrator\AppData\Local\Programs\Python\Python312\Lib\site-packages\sqlalchemy\engine\default.py", line 941, in do_execute
    cursor.execute(statement, parameters)
sqlalchemy.exc.ProgrammingError: (pyodbc.ProgrammingError) ('42000', "[42000] [Microsoft][ODBC Driver 18 for SQL Server][SQL Server]选择列表中的列 'users.username' 无效，因为该列没有包含在聚合函数或 GROUP BY 子句中。 (8120) (SQLExecDirectW); [42000] [Microsoft][ODBC Driver 18 for SQL Server][SQL Server]选择列表中的列 'users.username' 无效，因为该列没有包含在聚合函数或 GROUP BY 子句中。 (8120); [42000] [Microsoft][ODBC Driver 18 for SQL Server][SQL Server]选择列表中的列 'users.username' 无效，因为该列没有包含在聚合函数或 GROUP BY 子句中。 (8120); [42000] [Microsoft][ODBC Driver 18 for SQL Server][SQL Server]选择列表中的列 'users.username' 无效，因为该列没有包含在聚合函数或 GROUP BY 子句中。 (8120); [42000] [Microsoft][ODBC Driver 18 for SQL Server][SQL Server]选择列表中的列 'users.username' 无效，因为该列没有包含在聚合函数或 GROUP BY 子句中。 (8120); [42000] [Microsoft][ODBC Driver 18 for SQL Server][SQL Server]选择列表中的列 'users.username' 无效，因为该列没有包含在聚合函数或 GROUP BY 子句中。 (8120); [42000] [Microsoft][ODBC Driver 18 for SQL Server][SQL Server]选择列表中的列 'users.username' 无效，因为该列没有包含在聚合函数或 GROUP BY 子句中。 (8120); [42000] [Microsoft][ODBC Driver 18 for SQL Server][SQL Server]选择列表中的列 'users.username' 无效，因为该列没有包含在聚合函数或 GROUP BY 子句中。 (8120); [42000] [Microsoft][ODBC Driver 18 for SQL Server][SQL Server]无法预定义语句。 (8180)")
[SQL: SELECT TOP 50 posts.author_id AS posts_author_id, coalesce(nullif(trim(coalesce(users.username, ?)), ?), ?) AS coalesce_1 
FROM posts LEFT OUTER JOIN users ON users.id = posts.author_id 
WHERE posts.author_id IS NOT NULL GROUP BY posts.author_id, coalesce(nullif(trim(coalesce(users.username, ?)), ?), ?) ORDER BY count(posts.id) DESC]
[parameters: ('', '', '未知作者', '', '', '未知作者')]
(Background on this error at: https://sqlalche.me/e/20/f405)
INFO:     127.0.0.1:63290:0 - "GET /admin/dashboard HTTP/1.1" 200 OK
INFO:     127.0.0.1:56136:0 - "GET /assets/index-CuZp0JMG.css HTTP/1.1" 200 OK
INFO:     127.0.0.1:63290:0 - "GET /assets/index-B8OpLjNW.js HTTP/1.1" 200 OK
INFO:     127.0.0.1:56136:0 - "GET /favicon.ico HTTP/1.1" 200 OK
INFO:     127.0.0.1:63290:0 - "GET /api/auth/me HTTP/1.1" 200 OK
INFO:     127.0.0.1:56136:0 - "GET /api/admin/ops/trends?start_date=2026-03-31&end_date=2026-04-13 HTTP/1.1" 200 OK
INFO:     127.0.0.1:63290:0 - "GET /api/admin/ops/dashboard/visual?start_date=2026-03-31&end_date=2026-04-13 HTTP/1.1" 500 Internal Server Error
ERROR:    Exception in ASGI application
Traceback (most recent call last):
  File "C:\Users\Administrator\AppData\Local\Programs\Python\Python312\Lib\site-packages\sqlalchemy\engine\base.py", line 1967, in _exec_single_context
    self.dialect.do_execute(
  File "C:\Users\Administrator\AppData\Local\Programs\Python\Python312\Lib\site-packages\sqlalchemy\engine\default.py", line 941, in do_execute
    cursor.execute(statement, parameters)
pyodbc.ProgrammingError: ('42000', "[42000] [Microsoft][ODBC Driver 18 for SQL Server][SQL Server]选择列表中的列 'users.username' 无效，因为该列没有包含在聚合函数或 GROUP BY 子句中。 (8120) (SQLExecDirectW); [42000] [Microsoft][ODBC Driver 18 for SQL Server][SQL Server]选择列表中的列 'users.username' 无效，因为该列没有包含在聚合函数或 GROUP BY 子句中。 (8120); [42000] [Microsoft][ODBC Driver 18 for SQL Server][SQL Server]选择列表中的列 'users.username' 无效，因为该列没有包含在聚合函数或 GROUP BY 子句中。 (8120); [42000] [Microsoft][ODBC Driver 18 for SQL Server][SQL Server]选择列表中的列 'users.username' 无效，因为该列没有包含在聚合函数或 GROUP BY 子句中。 (8120); [42000] [Microsoft][ODBC Driver 18 for SQL Server][SQL Server]选择列表中的列 'users.username' 无效，因为该列没有包含在聚合函数或 GROUP BY 子句中。 (8120); [42000] [Microsoft][ODBC Driver 18 for SQL Server][SQL Server]选择列表中的列 'users.username' 无效，因为该列没有包含在聚合函数或 GROUP BY 子句中。 (8120); [42000] [Microsoft][ODBC Driver 18 for SQL Server][SQL Server]选择列表中的列 'users.username' 无效，因为该列没有包含在聚合函数或 GROUP BY 子句中。 (8120); [42000] [Microsoft][ODBC Driver 18 for SQL Server][SQL Server]选择列表中的列 'users.username' 无效，因为该列没有包含在聚合函数或 GROUP BY 子句中。 (8120); [42000] [Microsoft][ODBC Driver 18 for SQL Server][SQL Server]无法预定义语句。 (8180)")

The above exception was the direct cause of the following exception:

Traceback (most recent call last):
  File "C:\Users\Administrator\AppData\Local\Programs\Python\Python312\Lib\site-packages\uvicorn\protocols\http\httptools_impl.py", line 409, in run_asgi
    result = await app(  # type: ignore[func-returns-value]
             ^^^^^^^^^^^^^^^^^^^^^^^^^^^^^^^^^^^^^^^^^^^^^^
  File "C:\Users\Administrator\AppData\Local\Programs\Python\Python312\Lib\site-packages\uvicorn\middleware\proxy_headers.py", line 60, in __call__
    return await self.app(scope, receive, send)
           ^^^^^^^^^^^^^^^^^^^^^^^^^^^^^^^^^^^^
  File "C:\Users\Administrator\AppData\Local\Programs\Python\Python312\Lib\site-packages\fastapi\applications.py", line 1054, in __call__
    await super().__call__(scope, receive, send)
  File "C:\Users\Administrator\AppData\Local\Programs\Python\Python312\Lib\site-packages\starlette\applications.py", line 113, in __call__
    await self.middleware_stack(scope, receive, send)
  File "C:\Users\Administrator\AppData\Local\Programs\Python\Python312\Lib\site-packages\starlette\middleware\errors.py", line 187, in __call__
    raise exc
  File "C:\Users\Administrator\AppData\Local\Programs\Python\Python312\Lib\site-packages\starlette\middleware\errors.py", line 165, in __call__
    await self.app(scope, receive, _send)
  File "C:\Users\Administrator\AppData\Local\Programs\Python\Python312\Lib\site-packages\starlette\middleware\base.py", line 185, in __call__
    with collapse_excgroups():
         ^^^^^^^^^^^^^^^^^^^^
  File "C:\Users\Administrator\AppData\Local\Programs\Python\Python312\Lib\contextlib.py", line 158, in __exit__
    self.gen.throw(value)
  File "C:\Users\Administrator\AppData\Local\Programs\Python\Python312\Lib\site-packages\starlette\_utils.py", line 82, in collapse_excgroups
    raise exc
  File "C:\Users\Administrator\AppData\Local\Programs\Python\Python312\Lib\site-packages\starlette\middleware\base.py", line 187, in __call__
    response = await self.dispatch_func(request, call_next)
               ^^^^^^^^^^^^^^^^^^^^^^^^^^^^^^^^^^^^^^^^^^^^
  File "e:\Demo\Cursor\PythonBlog\backend\app\http_middleware.py", line 37, in api_database_gate
    return await call_next(request)
           ^^^^^^^^^^^^^^^^^^^^^^^^
  File "C:\Users\Administrator\AppData\Local\Programs\Python\Python312\Lib\site-packages\starlette\middleware\base.py", line 163, in call_next
    raise app_exc
  File "C:\Users\Administrator\AppData\Local\Programs\Python\Python312\Lib\site-packages\starlette\middleware\base.py", line 149, in coro
    await self.app(scope, receive_or_disconnect, send_no_error)
  File "C:\Users\Administrator\AppData\Local\Programs\Python\Python312\Lib\site-packages\starlette\middleware\cors.py", line 85, in __call__
    await self.app(scope, receive, send)
  File "C:\Users\Administrator\AppData\Local\Programs\Python\Python312\Lib\site-packages\starlette\middleware\exceptions.py", line 62, in __call__
    await wrap_app_handling_exceptions(self.app, conn)(scope, receive, send)
  File "C:\Users\Administrator\AppData\Local\Programs\Python\Python312\Lib\site-packages\starlette\_exception_handler.py", line 53, in wrapped_app
    raise exc
  File "C:\Users\Administrator\AppData\Local\Programs\Python\Python312\Lib\site-packages\starlette\_exception_handler.py", line 42, in wrapped_app
    await app(scope, receive, sender)
  File "C:\Users\Administrator\AppData\Local\Programs\Python\Python312\Lib\site-packages\starlette\routing.py", line 715, in __call__
    await self.middleware_stack(scope, receive, send)
  File "C:\Users\Administrator\AppData\Local\Programs\Python\Python312\Lib\site-packages\starlette\routing.py", line 735, in app
    await route.handle(scope, receive, send)
  File "C:\Users\Administrator\AppData\Local\Programs\Python\Python312\Lib\site-packages\starlette\routing.py", line 288, in handle
    await self.app(scope, receive, send)
  File "C:\Users\Administrator\AppData\Local\Programs\Python\Python312\Lib\site-packages\starlette\routing.py", line 76, in app
    await wrap_app_handling_exceptions(app, request)(scope, receive, send)
  File "C:\Users\Administrator\AppData\Local\Programs\Python\Python312\Lib\site-packages\starlette\_exception_handler.py", line 53, in wrapped_app
    raise exc
  File "C:\Users\Administrator\AppData\Local\Programs\Python\Python312\Lib\site-packages\starlette\_exception_handler.py", line 42, in wrapped_app
    await app(scope, receive, sender)
  File "C:\Users\Administrator\AppData\Local\Programs\Python\Python312\Lib\site-packages\starlette\routing.py", line 73, in app
    response = await f(request)
               ^^^^^^^^^^^^^^^^
  File "C:\Users\Administrator\AppData\Local\Programs\Python\Python312\Lib\site-packages\fastapi\routing.py", line 301, in app
    raw_response = await run_endpoint_function(
                   ^^^^^^^^^^^^^^^^^^^^^^^^^^^^
  File "C:\Users\Administrator\AppData\Local\Programs\Python\Python312\Lib\site-packages\fastapi\routing.py", line 214, in run_endpoint_function
    return await run_in_threadpool(dependant.call, **values)
           ^^^^^^^^^^^^^^^^^^^^^^^^^^^^^^^^^^^^^^^^^^^^^^^^^
  File "C:\Users\Administrator\AppData\Local\Programs\Python\Python312\Lib\site-packages\starlette\concurrency.py", line 39, in run_in_threadpool
    return await anyio.to_thread.run_sync(func, *args)
           ^^^^^^^^^^^^^^^^^^^^^^^^^^^^^^^^^^^^^^^^^^^
  File "C:\Users\Administrator\AppData\Local\Programs\Python\Python312\Lib\site-packages\anyio\to_thread.py", line 63, in run_sync
    return await get_async_backend().run_sync_in_worker_thread(
           ^^^^^^^^^^^^^^^^^^^^^^^^^^^^^^^^^^^^^^^^^^^^^^^^^^^^
  File "C:\Users\Administrator\AppData\Local\Programs\Python\Python312\Lib\site-packages\anyio\_backends\_asyncio.py", line 2518, in run_sync_in_worker_thread
    return await future
           ^^^^^^^^^^^^
  File "C:\Users\Administrator\AppData\Local\Programs\Python\Python312\Lib\site-packages\anyio\_backends\_asyncio.py", line 1002, in run
    result = context.run(func, *args)
             ^^^^^^^^^^^^^^^^^^^^^^^^
  File "e:\Demo\Cursor\PythonBlog\backend\app\routers\ops.py", line 341, in dashboard_visual
    .all()
     ^^^^^
  File "C:\Users\Administrator\AppData\Local\Programs\Python\Python312\Lib\site-packages\sqlalchemy\orm\query.py", line 2673, in all
    return self._iter().all()  # type: ignore
           ^^^^^^^^^^^^
  File "C:\Users\Administrator\AppData\Local\Programs\Python\Python312\Lib\site-packages\sqlalchemy\orm\query.py", line 2827, in _iter
    result: Union[ScalarResult[_T], Result[_T]] = self.session.execute(
                                                  ^^^^^^^^^^^^^^^^^^^^^
  File "C:\Users\Administrator\AppData\Local\Programs\Python\Python312\Lib\site-packages\sqlalchemy\orm\session.py", line 2362, in execute
    return self._execute_internal(
           ^^^^^^^^^^^^^^^^^^^^^^^
  File "C:\Users\Administrator\AppData\Local\Programs\Python\Python312\Lib\site-packages\sqlalchemy\orm\session.py", line 2247, in _execute_internal
    result: Result[Any] = compile_state_cls.orm_execute_statement(
                          ^^^^^^^^^^^^^^^^^^^^^^^^^^^^^^^^^^^^^^^^
  File "C:\Users\Administrator\AppData\Local\Programs\Python\Python312\Lib\site-packages\sqlalchemy\orm\context.py", line 305, in orm_execute_statement
    result = conn.execute(
             ^^^^^^^^^^^^^
  File "C:\Users\Administrator\AppData\Local\Programs\Python\Python312\Lib\site-packages\sqlalchemy\engine\base.py", line 1418, in execute
    return meth(
           ^^^^^
  File "C:\Users\Administrator\AppData\Local\Programs\Python\Python312\Lib\site-packages\sqlalchemy\sql\elements.py", line 515, in _execute_on_connection
    return connection._execute_clauseelement(
           ^^^^^^^^^^^^^^^^^^^^^^^^^^^^^^^^^^
  File "C:\Users\Administrator\AppData\Local\Programs\Python\Python312\Lib\site-packages\sqlalchemy\engine\base.py", line 1640, in _execute_clauseelement
    ret = self._execute_context(
          ^^^^^^^^^^^^^^^^^^^^^^
  File "C:\Users\Administrator\AppData\Local\Programs\Python\Python312\Lib\site-packages\sqlalchemy\engine\base.py", line 1846, in _execute_context
    return self._exec_single_context(
           ^^^^^^^^^^^^^^^^^^^^^^^^^^
  File "C:\Users\Administrator\AppData\Local\Programs\Python\Python312\Lib\site-packages\sqlalchemy\engine\base.py", line 1986, in _exec_single_context
    self._handle_dbapi_exception(
  File "C:\Users\Administrator\AppData\Local\Programs\Python\Python312\Lib\site-packages\sqlalchemy\engine\base.py", line 2355, in _handle_dbapi_exception
    raise sqlalchemy_exception.with_traceback(exc_info[2]) from e
  File "C:\Users\Administrator\AppData\Local\Programs\Python\Python312\Lib\site-packages\sqlalchemy\engine\base.py", line 1967, in _exec_single_context
    self.dialect.do_execute(
  File "C:\Users\Administrator\AppData\Local\Programs\Python\Python312\Lib\site-packages\sqlalchemy\engine\default.py", line 941, in do_execute
    cursor.execute(statement, parameters)
sqlalchemy.exc.ProgrammingError: (pyodbc.ProgrammingError) ('42000', "[42000] [Microsoft][ODBC Driver 18 for SQL Server][SQL Server]选择列表中的列 'users.username' 无效，因为该列没有包含在聚合函数或 GROUP BY 子句中。 (8120) (SQLExecDirectW); [42000] [Microsoft][ODBC Driver 18 for SQL Server][SQL Server]选择列表中的列 'users.username' 无效，因为该列没有包含在聚合函数或 GROUP BY 子句中。 (8120); [42000] [Microsoft][ODBC Driver 18 for SQL Server][SQL Server]选择列表中的列 'users.username' 无效，因为该列没有包含在聚合函数或 GROUP BY 子句中。 (8120); [42000] [Microsoft][ODBC Driver 18 for SQL Server][SQL Server]选择列表中的列 'users.username' 无效，因为该列没有包含在聚合函数或 GROUP BY 子句中。 (8120); [42000] [Microsoft][ODBC Driver 18 for SQL Server][SQL Server]选择列表中的列 'users.username' 无效，因为该列没有包含在聚合函数或 GROUP BY 子句中。 (8120); [42000] [Microsoft][ODBC Driver 18 for SQL Server][SQL Server]选择列表中的列 'users.username' 无效，因为该列没有包含在聚合函数或 GROUP BY 子句中。 (8120); [42000] [Microsoft][ODBC Driver 18 for SQL Server][SQL Server]选择列表中的列 'users.username' 无效，因为该列没有包含在聚合函数或 GROUP BY 子句中。 (8120); [42000] [Microsoft][ODBC Driver 18 for SQL Server][SQL Server]选择列表中的列 'users.username' 无效，因为该列没有包含在聚合函数或 GROUP BY 子句中。 (8120); [42000] [Microsoft][ODBC Driver 18 for SQL Server][SQL Server]无法预定义语句。 (8180)")
[SQL: SELECT TOP 50 posts.author_id AS posts_author_id, coalesce(nullif(trim(coalesce(users.username, ?)), ?), ?) AS coalesce_1 
FROM posts LEFT OUTER JOIN users ON users.id = posts.author_id 
WHERE posts.author_id IS NOT NULL GROUP BY posts.author_id, coalesce(nullif(trim(coalesce(users.username, ?)), ?), ?) ORDER BY count(posts.id) DESC]
[parameters: ('', '', '未知作者', '', '', '未知作者')]
(Background on this error at: https://sqlalche.me/e/20/f405)
INFO:     127.0.0.1:63290:0 - "GET /admin/dashboard HTTP/1.1" 200 OK
INFO:     127.0.0.1:63290:0 - "GET /assets/index-B8OpLjNW.js HTTP/1.1" 200 OK
INFO:     127.0.0.1:56136:0 - "GET /assets/index-CuZp0JMG.css HTTP/1.1" 200 OK
INFO:     127.0.0.1:56136:0 - "GET /favicon.ico HTTP/1.1" 200 OK
INFO:     127.0.0.1:63290:0 - "GET /api/auth/me HTTP/1.1" 200 OK
INFO:     127.0.0.1:56136:0 - "GET /api/admin/ops/trends?start_date=2026-03-31&end_date=2026-04-13 HTTP/1.1" 200 OK
INFO:     127.0.0.1:63290:0 - "GET /api/admin/ops/dashboard/visual?start_date=2026-03-31&end_date=2026-04-13 HTTP/1.1" 500 Internal Server Error
ERROR:    Exception in ASGI application
Traceback (most recent call last):
  File "C:\Users\Administrator\AppData\Local\Programs\Python\Python312\Lib\site-packages\sqlalchemy\engine\base.py", line 1967, in _exec_single_context
    self.dialect.do_execute(
  File "C:\Users\Administrator\AppData\Local\Programs\Python\Python312\Lib\site-packages\sqlalchemy\engine\default.py", line 941, in do_execute
    cursor.execute(statement, parameters)
pyodbc.ProgrammingError: ('42000', "[42000] [Microsoft][ODBC Driver 18 for SQL Server][SQL Server]选择列表中的列 'users.username' 无效，因为该列没有包含在聚合函数或 GROUP BY 子句中。 (8120) (SQLExecDirectW); [42000] [Microsoft][ODBC Driver 18 for SQL Server][SQL Server]选择列表中的列 'users.username' 无效，因为该列没有包含在聚合函数或 GROUP BY 子句中。 (8120); [42000] [Microsoft][ODBC Driver 18 for SQL Server][SQL Server]选择列表中的列 'users.username' 无效，因为该列没有包含在聚合函数或 GROUP BY 子句中。 (8120); [42000] [Microsoft][ODBC Driver 18 for SQL Server][SQL Server]选择列表中的列 'users.username' 无效，因为该列没有包含在聚合函数或 GROUP BY 子句中。 (8120); [42000] [Microsoft][ODBC Driver 18 for SQL Server][SQL Server]选择列表中的列 'users.username' 无效，因为该列没有包含在聚合函数或 GROUP BY 子句中。 (8120); [42000] [Microsoft][ODBC Driver 18 for SQL Server][SQL Server]选择列表中的列 'users.username' 无效，因为该列没有包含在聚合函数或 GROUP BY 子句中。 (8120); [42000] [Microsoft][ODBC Driver 18 for SQL Server][SQL Server]选择列表中的列 'users.username' 无效，因为该列没有包含在聚合函数或 GROUP BY 子句中。 (8120); [42000] [Microsoft][ODBC Driver 18 for SQL Server][SQL Server]选择列表中的列 'users.username' 无效，因为该列没有包含在聚合函数或 GROUP BY 子句中。 (8120); [42000] [Microsoft][ODBC Driver 18 for SQL Server][SQL Server]无法预定义语句。 (8180)")

The above exception was the direct cause of the following exception:

Traceback (most recent call last):
  File "C:\Users\Administrator\AppData\Local\Programs\Python\Python312\Lib\site-packages\uvicorn\protocols\http\httptools_impl.py", line 409, in run_asgi
    result = await app(  # type: ignore[func-returns-value]
             ^^^^^^^^^^^^^^^^^^^^^^^^^^^^^^^^^^^^^^^^^^^^^^
  File "C:\Users\Administrator\AppData\Local\Programs\Python\Python312\Lib\site-packages\uvicorn\middleware\proxy_headers.py", line 60, in __call__
    return await self.app(scope, receive, send)
           ^^^^^^^^^^^^^^^^^^^^^^^^^^^^^^^^^^^^
  File "C:\Users\Administrator\AppData\Local\Programs\Python\Python312\Lib\site-packages\fastapi\applications.py", line 1054, in __call__
    await super().__call__(scope, receive, send)
  File "C:\Users\Administrator\AppData\Local\Programs\Python\Python312\Lib\site-packages\starlette\applications.py", line 113, in __call__
    await self.middleware_stack(scope, receive, send)
  File "C:\Users\Administrator\AppData\Local\Programs\Python\Python312\Lib\site-packages\starlette\middleware\errors.py", line 187, in __call__
    raise exc
  File "C:\Users\Administrator\AppData\Local\Programs\Python\Python312\Lib\site-packages\starlette\middleware\errors.py", line 165, in __call__
    await self.app(scope, receive, _send)
  File "C:\Users\Administrator\AppData\Local\Programs\Python\Python312\Lib\site-packages\starlette\middleware\base.py", line 185, in __call__
    with collapse_excgroups():
         ^^^^^^^^^^^^^^^^^^^^
  File "C:\Users\Administrator\AppData\Local\Programs\Python\Python312\Lib\contextlib.py", line 158, in __exit__
    self.gen.throw(value)
  File "C:\Users\Administrator\AppData\Local\Programs\Python\Python312\Lib\site-packages\starlette\_utils.py", line 82, in collapse_excgroups
    raise exc
  File "C:\Users\Administrator\AppData\Local\Programs\Python\Python312\Lib\site-packages\starlette\middleware\base.py", line 187, in __call__
    response = await self.dispatch_func(request, call_next)
               ^^^^^^^^^^^^^^^^^^^^^^^^^^^^^^^^^^^^^^^^^^^^
  File "e:\Demo\Cursor\PythonBlog\backend\app\http_middleware.py", line 37, in api_database_gate
    return await call_next(request)
           ^^^^^^^^^^^^^^^^^^^^^^^^
  File "C:\Users\Administrator\AppData\Local\Programs\Python\Python312\Lib\site-packages\starlette\middleware\base.py", line 163, in call_next
    raise app_exc
  File "C:\Users\Administrator\AppData\Local\Programs\Python\Python312\Lib\site-packages\starlette\middleware\base.py", line 149, in coro
    await self.app(scope, receive_or_disconnect, send_no_error)
  File "C:\Users\Administrator\AppData\Local\Programs\Python\Python312\Lib\site-packages\starlette\middleware\cors.py", line 85, in __call__
    await self.app(scope, receive, send)
  File "C:\Users\Administrator\AppData\Local\Programs\Python\Python312\Lib\site-packages\starlette\middleware\exceptions.py", line 62, in __call__
    await wrap_app_handling_exceptions(self.app, conn)(scope, receive, send)
  File "C:\Users\Administrator\AppData\Local\Programs\Python\Python312\Lib\site-packages\starlette\_exception_handler.py", line 53, in wrapped_app
    raise exc
  File "C:\Users\Administrator\AppData\Local\Programs\Python\Python312\Lib\site-packages\starlette\_exception_handler.py", line 42, in wrapped_app
    await app(scope, receive, sender)
  File "C:\Users\Administrator\AppData\Local\Programs\Python\Python312\Lib\site-packages\starlette\routing.py", line 715, in __call__
    await self.middleware_stack(scope, receive, send)
  File "C:\Users\Administrator\AppData\Local\Programs\Python\Python312\Lib\site-packages\starlette\routing.py", line 735, in app
    await route.handle(scope, receive, send)
  File "C:\Users\Administrator\AppData\Local\Programs\Python\Python312\Lib\site-packages\starlette\routing.py", line 288, in handle
    await self.app(scope, receive, send)
  File "C:\Users\Administrator\AppData\Local\Programs\Python\Python312\Lib\site-packages\starlette\routing.py", line 76, in app
    await wrap_app_handling_exceptions(app, request)(scope, receive, send)
  File "C:\Users\Administrator\AppData\Local\Programs\Python\Python312\Lib\site-packages\starlette\_exception_handler.py", line 53, in wrapped_app
    raise exc
  File "C:\Users\Administrator\AppData\Local\Programs\Python\Python312\Lib\site-packages\starlette\_exception_handler.py", line 42, in wrapped_app
    await app(scope, receive, sender)
  File "C:\Users\Administrator\AppData\Local\Programs\Python\Python312\Lib\site-packages\starlette\routing.py", line 73, in app
    response = await f(request)
               ^^^^^^^^^^^^^^^^
  File "C:\Users\Administrator\AppData\Local\Programs\Python\Python312\Lib\site-packages\fastapi\routing.py", line 301, in app
    raw_response = await run_endpoint_function(
                   ^^^^^^^^^^^^^^^^^^^^^^^^^^^^
  File "C:\Users\Administrator\AppData\Local\Programs\Python\Python312\Lib\site-packages\fastapi\routing.py", line 214, in run_endpoint_function
    return await run_in_threadpool(dependant.call, **values)
           ^^^^^^^^^^^^^^^^^^^^^^^^^^^^^^^^^^^^^^^^^^^^^^^^^
  File "C:\Users\Administrator\AppData\Local\Programs\Python\Python312\Lib\site-packages\starlette\concurrency.py", line 39, in run_in_threadpool
    return await anyio.to_thread.run_sync(func, *args)
           ^^^^^^^^^^^^^^^^^^^^^^^^^^^^^^^^^^^^^^^^^^^
  File "C:\Users\Administrator\AppData\Local\Programs\Python\Python312\Lib\site-packages\anyio\to_thread.py", line 63, in run_sync
    return await get_async_backend().run_sync_in_worker_thread(
           ^^^^^^^^^^^^^^^^^^^^^^^^^^^^^^^^^^^^^^^^^^^^^^^^^^^^
  File "C:\Users\Administrator\AppData\Local\Programs\Python\Python312\Lib\site-packages\anyio\_backends\_asyncio.py", line 2518, in run_sync_in_worker_thread
    return await future
           ^^^^^^^^^^^^
  File "C:\Users\Administrator\AppData\Local\Programs\Python\Python312\Lib\site-packages\anyio\_backends\_asyncio.py", line 1002, in run
    result = context.run(func, *args)
             ^^^^^^^^^^^^^^^^^^^^^^^^
  File "e:\Demo\Cursor\PythonBlog\backend\app\routers\ops.py", line 341, in dashboard_visual
    .all()
     ^^^^^
  File "C:\Users\Administrator\AppData\Local\Programs\Python\Python312\Lib\site-packages\sqlalchemy\orm\query.py", line 2673, in all
    return self._iter().all()  # type: ignore
           ^^^^^^^^^^^^
  File "C:\Users\Administrator\AppData\Local\Programs\Python\Python312\Lib\site-packages\sqlalchemy\orm\query.py", line 2827, in _iter
    result: Union[ScalarResult[_T], Result[_T]] = self.session.execute(
                                                  ^^^^^^^^^^^^^^^^^^^^^
  File "C:\Users\Administrator\AppData\Local\Programs\Python\Python312\Lib\site-packages\sqlalchemy\orm\session.py", line 2362, in execute
    return self._execute_internal(
           ^^^^^^^^^^^^^^^^^^^^^^^
  File "C:\Users\Administrator\AppData\Local\Programs\Python\Python312\Lib\site-packages\sqlalchemy\orm\session.py", line 2247, in _execute_internal
    result: Result[Any] = compile_state_cls.orm_execute_statement(
                          ^^^^^^^^^^^^^^^^^^^^^^^^^^^^^^^^^^^^^^^^
  File "C:\Users\Administrator\AppData\Local\Programs\Python\Python312\Lib\site-packages\sqlalchemy\orm\context.py", line 305, in orm_execute_statement
    result = conn.execute(
             ^^^^^^^^^^^^^
  File "C:\Users\Administrator\AppData\Local\Programs\Python\Python312\Lib\site-packages\sqlalchemy\engine\base.py", line 1418, in execute
    return meth(
           ^^^^^
  File "C:\Users\Administrator\AppData\Local\Programs\Python\Python312\Lib\site-packages\sqlalchemy\sql\elements.py", line 515, in _execute_on_connection
    return connection._execute_clauseelement(
           ^^^^^^^^^^^^^^^^^^^^^^^^^^^^^^^^^^
  File "C:\Users\Administrator\AppData\Local\Programs\Python\Python312\Lib\site-packages\sqlalchemy\engine\base.py", line 1640, in _execute_clauseelement
    ret = self._execute_context(
          ^^^^^^^^^^^^^^^^^^^^^^
  File "C:\Users\Administrator\AppData\Local\Programs\Python\Python312\Lib\site-packages\sqlalchemy\engine\base.py", line 1846, in _execute_context
    return self._exec_single_context(
           ^^^^^^^^^^^^^^^^^^^^^^^^^^
  File "C:\Users\Administrator\AppData\Local\Programs\Python\Python312\Lib\site-packages\sqlalchemy\engine\base.py", line 1986, in _exec_single_context
    self._handle_dbapi_exception(
  File "C:\Users\Administrator\AppData\Local\Programs\Python\Python312\Lib\site-packages\sqlalchemy\engine\base.py", line 2355, in _handle_dbapi_exception
    raise sqlalchemy_exception.with_traceback(exc_info[2]) from e
  File "C:\Users\Administrator\AppData\Local\Programs\Python\Python312\Lib\site-packages\sqlalchemy\engine\base.py", line 1967, in _exec_single_context
    self.dialect.do_execute(
  File "C:\Users\Administrator\AppData\Local\Programs\Python\Python312\Lib\site-packages\sqlalchemy\engine\default.py", line 941, in do_execute
    cursor.execute(statement, parameters)
sqlalchemy.exc.ProgrammingError: (pyodbc.ProgrammingError) ('42000', "[42000] [Microsoft][ODBC Driver 18 for SQL Server][SQL Server]选择列表中的列 'users.username' 无效，因为该列没有包含在聚合函数或 GROUP BY 子句中。 (8120) (SQLExecDirectW); [42000] [Microsoft][ODBC Driver 18 for SQL Server][SQL Server]选择列表中的列 'users.username' 无效，因为该列没有包含在聚合函数或 GROUP BY 子句中。 (8120); [42000] [Microsoft][ODBC Driver 18 for SQL Server][SQL Server]选择列表中的列 'users.username' 无效，因为该列没有包含在聚合函数或 GROUP BY 子句中。 (8120); [42000] [Microsoft][ODBC Driver 18 for SQL Server][SQL Server]选择列表中的列 'users.username' 无效，因为该列没有包含在聚合函数或 GROUP BY 子句中。 (8120); [42000] [Microsoft][ODBC Driver 18 for SQL Server][SQL Server]选择列表中的列 'users.username' 无效，因为该列没有包含在聚合函数或 GROUP BY 子句中。 (8120); [42000] [Microsoft][ODBC Driver 18 for SQL Server][SQL Server]选择列表中的列 'users.username' 无效，因为该列没有包含在聚合函数或 GROUP BY 子句中。 (8120); [42000] [Microsoft][ODBC Driver 18 for SQL Server][SQL Server]选择列表中的列 'users.username' 无效，因为该列没有包含在聚合函数或 GROUP BY 子句中。 (8120); [42000] [Microsoft][ODBC Driver 18 for SQL Server][SQL Server]选择列表中的列 'users.username' 无效，因为该列没有包含在聚合函数或 GROUP BY 子句中。 (8120); [42000] [Microsoft][ODBC Driver 18 for SQL Server][SQL Server]无法预定义语句。 (8180)")
[SQL: SELECT TOP 50 posts.author_id AS posts_author_id, coalesce(nullif(trim(coalesce(users.username, ?)), ?), ?) AS coalesce_1 
FROM posts LEFT OUTER JOIN users ON users.id = posts.author_id 
WHERE posts.author_id IS NOT NULL GROUP BY posts.author_id, coalesce(nullif(trim(coalesce(users.username, ?)), ?), ?) ORDER BY count(posts.id) DESC]
[parameters: ('', '', '未知作者', '', '', '未知作者')]
(Background on this error at: https://sqlalche.me/e/20/f405)
INFO:     127.0.0.1:63290:0 - "GET /admin/dashboard HTTP/1.1" 200 OK
INFO:     127.0.0.1:56136:0 - "GET /assets/index-CuZp0JMG.css HTTP/1.1" 200 OK
INFO:     127.0.0.1:63290:0 - "GET /assets/index-B8OpLjNW.js HTTP/1.1" 200 OK
INFO:     127.0.0.1:56136:0 - "GET /favicon.ico HTTP/1.1" 200 OK
INFO:     127.0.0.1:63290:0 - "GET /api/auth/me HTTP/1.1" 200 OK
INFO:     127.0.0.1:56136:0 - "GET /api/admin/ops/trends?start_date=2026-03-31&end_date=2026-04-13 HTTP/1.1" 200 OK
INFO:     127.0.0.1:63290:0 - "GET /api/admin/ops/dashboard/visual?start_date=2026-03-31&end_date=2026-04-13 HTTP/1.1" 500 Internal Server Error
ERROR:    Exception in ASGI application
Traceback (most recent call last):
  File "C:\Users\Administrator\AppData\Local\Programs\Python\Python312\Lib\site-packages\sqlalchemy\engine\base.py", line 1967, in _exec_single_context
    self.dialect.do_execute(
  File "C:\Users\Administrator\AppData\Local\Programs\Python\Python312\Lib\site-packages\sqlalchemy\engine\default.py", line 941, in do_execute
    cursor.execute(statement, parameters)
pyodbc.ProgrammingError: ('42000', "[42000] [Microsoft][ODBC Driver 18 for SQL Server][SQL Server]选择列表中的列 'users.username' 无效，因为该列没有包含在聚合函数或 GROUP BY 子句中。 (8120) (SQLExecDirectW); [42000] [Microsoft][ODBC Driver 18 for SQL Server][SQL Server]选择列表中的列 'users.username' 无效，因为该列没有包含在聚合函数或 GROUP BY 子句中。 (8120); [42000] [Microsoft][ODBC Driver 18 for SQL Server][SQL Server]选择列表中的列 'users.username' 无效，因为该列没有包含在聚合函数或 GROUP BY 子句中。 (8120); [42000] [Microsoft][ODBC Driver 18 for SQL Server][SQL Server]选择列表中的列 'users.username' 无效，因为该列没有包含在聚合函数或 GROUP BY 子句中。 (8120); [42000] [Microsoft][ODBC Driver 18 for SQL Server][SQL Server]选择列表中的列 'users.username' 无效，因为该列没有包含在聚合函数或 GROUP BY 子句中。 (8120); [42000] [Microsoft][ODBC Driver 18 for SQL Server][SQL Server]选择列表中的列 'users.username' 无效，因为该列没有包含在聚合函数或 GROUP BY 子句中。 (8120); [42000] [Microsoft][ODBC Driver 18 for SQL Server][SQL Server]选择列表中的列 'users.username' 无效，因为该列没有包含在聚合函数或 GROUP BY 子句中。 (8120); [42000] [Microsoft][ODBC Driver 18 for SQL Server][SQL Server]选择列表中的列 'users.username' 无效，因为该列没有包含在聚合函数或 GROUP BY 子句中。 (8120); [42000] [Microsoft][ODBC Driver 18 for SQL Server][SQL Server]无法预定义语句。 (8180)")

The above exception was the direct cause of the following exception:

Traceback (most recent call last):
  File "C:\Users\Administrator\AppData\Local\Programs\Python\Python312\Lib\site-packages\uvicorn\protocols\http\httptools_impl.py", line 409, in run_asgi
    result = await app(  # type: ignore[func-returns-value]
             ^^^^^^^^^^^^^^^^^^^^^^^^^^^^^^^^^^^^^^^^^^^^^^
  File "C:\Users\Administrator\AppData\Local\Programs\Python\Python312\Lib\site-packages\uvicorn\middleware\proxy_headers.py", line 60, in __call__
    return await self.app(scope, receive, send)
           ^^^^^^^^^^^^^^^^^^^^^^^^^^^^^^^^^^^^
  File "C:\Users\Administrator\AppData\Local\Programs\Python\Python312\Lib\site-packages\fastapi\applications.py", line 1054, in __call__
    await super().__call__(scope, receive, send)
  File "C:\Users\Administrator\AppData\Local\Programs\Python\Python312\Lib\site-packages\starlette\applications.py", line 113, in __call__
    await self.middleware_stack(scope, receive, send)
  File "C:\Users\Administrator\AppData\Local\Programs\Python\Python312\Lib\site-packages\starlette\middleware\errors.py", line 187, in __call__
    raise exc
  File "C:\Users\Administrator\AppData\Local\Programs\Python\Python312\Lib\site-packages\starlette\middleware\errors.py", line 165, in __call__
    await self.app(scope, receive, _send)
  File "C:\Users\Administrator\AppData\Local\Programs\Python\Python312\Lib\site-packages\starlette\middleware\base.py", line 185, in __call__
    with collapse_excgroups():
         ^^^^^^^^^^^^^^^^^^^^
  File "C:\Users\Administrator\AppData\Local\Programs\Python\Python312\Lib\contextlib.py", line 158, in __exit__
    self.gen.throw(value)
  File "C:\Users\Administrator\AppData\Local\Programs\Python\Python312\Lib\site-packages\starlette\_utils.py", line 82, in collapse_excgroups
    raise exc
  File "C:\Users\Administrator\AppData\Local\Programs\Python\Python312\Lib\site-packages\starlette\middleware\base.py", line 187, in __call__
    response = await self.dispatch_func(request, call_next)
               ^^^^^^^^^^^^^^^^^^^^^^^^^^^^^^^^^^^^^^^^^^^^
  File "e:\Demo\Cursor\PythonBlog\backend\app\http_middleware.py", line 37, in api_database_gate
    return await call_next(request)
           ^^^^^^^^^^^^^^^^^^^^^^^^
  File "C:\Users\Administrator\AppData\Local\Programs\Python\Python312\Lib\site-packages\starlette\middleware\base.py", line 163, in call_next
    raise app_exc
  File "C:\Users\Administrator\AppData\Local\Programs\Python\Python312\Lib\site-packages\starlette\middleware\base.py", line 149, in coro
    await self.app(scope, receive_or_disconnect, send_no_error)
  File "C:\Users\Administrator\AppData\Local\Programs\Python\Python312\Lib\site-packages\starlette\middleware\cors.py", line 85, in __call__
    await self.app(scope, receive, send)
  File "C:\Users\Administrator\AppData\Local\Programs\Python\Python312\Lib\site-packages\starlette\middleware\exceptions.py", line 62, in __call__
    await wrap_app_handling_exceptions(self.app, conn)(scope, receive, send)
  File "C:\Users\Administrator\AppData\Local\Programs\Python\Python312\Lib\site-packages\starlette\_exception_handler.py", line 53, in wrapped_app
    raise exc
  File "C:\Users\Administrator\AppData\Local\Programs\Python\Python312\Lib\site-packages\starlette\_exception_handler.py", line 42, in wrapped_app
    await app(scope, receive, sender)
  File "C:\Users\Administrator\AppData\Local\Programs\Python\Python312\Lib\site-packages\starlette\routing.py", line 715, in __call__
    await self.middleware_stack(scope, receive, send)
  File "C:\Users\Administrator\AppData\Local\Programs\Python\Python312\Lib\site-packages\starlette\routing.py", line 735, in app
    await route.handle(scope, receive, send)
  File "C:\Users\Administrator\AppData\Local\Programs\Python\Python312\Lib\site-packages\starlette\routing.py", line 288, in handle
    await self.app(scope, receive, send)
  File "C:\Users\Administrator\AppData\Local\Programs\Python\Python312\Lib\site-packages\starlette\routing.py", line 76, in app
    await wrap_app_handling_exceptions(app, request)(scope, receive, send)
  File "C:\Users\Administrator\AppData\Local\Programs\Python\Python312\Lib\site-packages\starlette\_exception_handler.py", line 53, in wrapped_app
    raise exc
  File "C:\Users\Administrator\AppData\Local\Programs\Python\Python312\Lib\site-packages\starlette\_exception_handler.py", line 42, in wrapped_app
    await app(scope, receive, sender)
  File "C:\Users\Administrator\AppData\Local\Programs\Python\Python312\Lib\site-packages\starlette\routing.py", line 73, in app
    response = await f(request)
               ^^^^^^^^^^^^^^^^
  File "C:\Users\Administrator\AppData\Local\Programs\Python\Python312\Lib\site-packages\fastapi\routing.py", line 301, in app
    raw_response = await run_endpoint_function(
                   ^^^^^^^^^^^^^^^^^^^^^^^^^^^^
  File "C:\Users\Administrator\AppData\Local\Programs\Python\Python312\Lib\site-packages\fastapi\routing.py", line 214, in run_endpoint_function
    return await run_in_threadpool(dependant.call, **values)
           ^^^^^^^^^^^^^^^^^^^^^^^^^^^^^^^^^^^^^^^^^^^^^^^^^
  File "C:\Users\Administrator\AppData\Local\Programs\Python\Python312\Lib\site-packages\starlette\concurrency.py", line 39, in run_in_threadpool
    return await anyio.to_thread.run_sync(func, *args)
           ^^^^^^^^^^^^^^^^^^^^^^^^^^^^^^^^^^^^^^^^^^^
  File "C:\Users\Administrator\AppData\Local\Programs\Python\Python312\Lib\site-packages\anyio\to_thread.py", line 63, in run_sync
    return await get_async_backend().run_sync_in_worker_thread(
           ^^^^^^^^^^^^^^^^^^^^^^^^^^^^^^^^^^^^^^^^^^^^^^^^^^^^
  File "C:\Users\Administrator\AppData\Local\Programs\Python\Python312\Lib\site-packages\anyio\_backends\_asyncio.py", line 2518, in run_sync_in_worker_thread
    return await future
           ^^^^^^^^^^^^
  File "C:\Users\Administrator\AppData\Local\Programs\Python\Python312\Lib\site-packages\anyio\_backends\_asyncio.py", line 1002, in run
    result = context.run(func, *args)
             ^^^^^^^^^^^^^^^^^^^^^^^^
  File "e:\Demo\Cursor\PythonBlog\backend\app\routers\ops.py", line 341, in dashboard_visual
    .all()
     ^^^^^
  File "C:\Users\Administrator\AppData\Local\Programs\Python\Python312\Lib\site-packages\sqlalchemy\orm\query.py", line 2673, in all
    return self._iter().all()  # type: ignore
           ^^^^^^^^^^^^
  File "C:\Users\Administrator\AppData\Local\Programs\Python\Python312\Lib\site-packages\sqlalchemy\orm\query.py", line 2827, in _iter
    result: Union[ScalarResult[_T], Result[_T]] = self.session.execute(
                                                  ^^^^^^^^^^^^^^^^^^^^^
  File "C:\Users\Administrator\AppData\Local\Programs\Python\Python312\Lib\site-packages\sqlalchemy\orm\session.py", line 2362, in execute
    return self._execute_internal(
           ^^^^^^^^^^^^^^^^^^^^^^^
  File "C:\Users\Administrator\AppData\Local\Programs\Python\Python312\Lib\site-packages\sqlalchemy\orm\session.py", line 2247, in _execute_internal
    result: Result[Any] = compile_state_cls.orm_execute_statement(
                          ^^^^^^^^^^^^^^^^^^^^^^^^^^^^^^^^^^^^^^^^
  File "C:\Users\Administrator\AppData\Local\Programs\Python\Python312\Lib\site-packages\sqlalchemy\orm\context.py", line 305, in orm_execute_statement
    result = conn.execute(
             ^^^^^^^^^^^^^
  File "C:\Users\Administrator\AppData\Local\Programs\Python\Python312\Lib\site-packages\sqlalchemy\engine\base.py", line 1418, in execute
    return meth(
           ^^^^^
  File "C:\Users\Administrator\AppData\Local\Programs\Python\Python312\Lib\site-packages\sqlalchemy\sql\elements.py", line 515, in _execute_on_connection
    return connection._execute_clauseelement(
           ^^^^^^^^^^^^^^^^^^^^^^^^^^^^^^^^^^
  File "C:\Users\Administrator\AppData\Local\Programs\Python\Python312\Lib\site-packages\sqlalchemy\engine\base.py", line 1640, in _execute_clauseelement
    ret = self._execute_context(
          ^^^^^^^^^^^^^^^^^^^^^^
  File "C:\Users\Administrator\AppData\Local\Programs\Python\Python312\Lib\site-packages\sqlalchemy\engine\base.py", line 1846, in _execute_context
    return self._exec_single_context(
           ^^^^^^^^^^^^^^^^^^^^^^^^^^
  File "C:\Users\Administrator\AppData\Local\Programs\Python\Python312\Lib\site-packages\sqlalchemy\engine\base.py", line 1986, in _exec_single_context
    self._handle_dbapi_exception(
  File "C:\Users\Administrator\AppData\Local\Programs\Python\Python312\Lib\site-packages\sqlalchemy\engine\base.py", line 2355, in _handle_dbapi_exception
    raise sqlalchemy_exception.with_traceback(exc_info[2]) from e
  File "C:\Users\Administrator\AppData\Local\Programs\Python\Python312\Lib\site-packages\sqlalchemy\engine\base.py", line 1967, in _exec_single_context
    self.dialect.do_execute(
  File "C:\Users\Administrator\AppData\Local\Programs\Python\Python312\Lib\site-packages\sqlalchemy\engine\default.py", line 941, in do_execute
    cursor.execute(statement, parameters)
sqlalchemy.exc.ProgrammingError: (pyodbc.ProgrammingError) ('42000', "[42000] [Microsoft][ODBC Driver 18 for SQL Server][SQL Server]选择列表中的列 'users.username' 无效，因为该列没有包含在聚合函数或 GROUP BY 子句中。 (8120) (SQLExecDirectW); [42000] [Microsoft][ODBC Driver 18 for SQL Server][SQL Server]选择列表中的列 'users.username' 无效，因为该列没有包含在聚合函数或 GROUP BY 子句中。 (8120); [42000] [Microsoft][ODBC Driver 18 for SQL Server][SQL Server]选择列表中的列 'users.username' 无效，因为该列没有包含在聚合函数或 GROUP BY 子句中。 (8120); [42000] [Microsoft][ODBC Driver 18 for SQL Server][SQL Server]选择列表中的列 'users.username' 无效，因为该列没有包含在聚合函数或 GROUP BY 子句中。 (8120); [42000] [Microsoft][ODBC Driver 18 for SQL Server][SQL Server]选择列表中的列 'users.username' 无效，因为该列没有包含在聚合函数或 GROUP BY 子句中。 (8120); [42000] [Microsoft][ODBC Driver 18 for SQL Server][SQL Server]选择列表中的列 'users.username' 无效，因为该列没有包含在聚合函数或 GROUP BY 子句中。 (8120); [42000] [Microsoft][ODBC Driver 18 for SQL Server][SQL Server]选择列表中的列 'users.username' 无效，因为该列没有包含在聚合函数或 GROUP BY 子句中。 (8120); [42000] [Microsoft][ODBC Driver 18 for SQL Server][SQL Server]选择列表中的列 'users.username' 无效，因为该列没有包含在聚合函数或 GROUP BY 子句中。 (8120); [42000] [Microsoft][ODBC Driver 18 for SQL Server][SQL Server]无法预定义语句。 (8180)")
[SQL: SELECT TOP 50 posts.author_id AS posts_author_id, coalesce(nullif(trim(coalesce(users.username, ?)), ?), ?) AS coalesce_1 
FROM posts LEFT OUTER JOIN users ON users.id = posts.author_id 
WHERE posts.author_id IS NOT NULL GROUP BY posts.author_id, coalesce(nullif(trim(coalesce(users.username, ?)), ?), ?) ORDER BY count(posts.id) DESC]
[parameters: ('', '', '未知作者', '', '', '未知作者')]
(Background on this error at: https://sqlalche.me/e/20/f405)
INFO:     127.0.0.1:63290:0 - "POST /api/auth/logout HTTP/1.1" 200 OK
INFO:     127.0.0.1:63290:0 - "POST /api/auth/login HTTP/1.1" 200 OK
INFO:     127.0.0.1:63290:0 - "GET /api/auth/me HTTP/1.1" 200 OK
INFO:     127.0.0.1:63290:0 - "GET /api/categories/admin?limit=500 HTTP/1.1" 200 OK
INFO:     127.0.0.1:56136:0 - "GET /api/tags/admin?limit=500 HTTP/1.1" 200 OK
INFO:     127.0.0.1:56136:0 - "GET /api/posts/admin?skip=0&limit=20&sort_by=created_at&sort_dir=desc HTTP/1.1" 200 OK
INFO:     127.0.0.1:56136:0 - "GET /api/auth/me HTTP/1.1" 200 OK
INFO:     127.0.0.1:63290:0 - "GET /api/admin/ops/trends?start_date=2026-03-31&end_date=2026-04-13 HTTP/1.1" 200 OK
INFO:     127.0.0.1:56136:0 - "GET /api/admin/ops/dashboard/visual?start_date=2026-03-31&end_date=2026-04-13 HTTP/1.1" 500 Internal Server Error
ERROR:    Exception in ASGI application
Traceback (most recent call last):
  File "C:\Users\Administrator\AppData\Local\Programs\Python\Python312\Lib\site-packages\sqlalchemy\engine\base.py", line 1967, in _exec_single_context
    self.dialect.do_execute(
  File "C:\Users\Administrator\AppData\Local\Programs\Python\Python312\Lib\site-packages\sqlalchemy\engine\default.py", line 941, in do_execute
    cursor.execute(statement, parameters)
pyodbc.ProgrammingError: ('42000', "[42000] [Microsoft][ODBC Driver 18 for SQL Server][SQL Server]选择列表中的列 'users.username' 无效，因为该列没有包含在聚合函数或 GROUP BY 子句中。 (8120) (SQLExecDirectW); [42000] [Microsoft][ODBC Driver 18 for SQL Server][SQL Server]选择列表中的列 'users.username' 无效，因为该列没有包含在聚合函数或 GROUP BY 子句中。 (8120); [42000] [Microsoft][ODBC Driver 18 for SQL Server][SQL Server]选择列表中的列 'users.username' 无效，因为该列没有包含在聚合函数或 GROUP BY 子句中。 (8120); [42000] [Microsoft][ODBC Driver 18 for SQL Server][SQL Server]选择列表中的列 'users.username' 无效，因为该列没有包含在聚合函数或 GROUP BY 子句中。 (8120); [42000] [Microsoft][ODBC Driver 18 for SQL Server][SQL Server]选择列表中的列 'users.username' 无效，因为该列没有包含在聚合函数或 GROUP BY 子句中。 (8120); [42000] [Microsoft][ODBC Driver 18 for SQL Server][SQL Server]选择列表中的列 'users.username' 无效，因为该列没有包含在聚合函数或 GROUP BY 子句中。 (8120); [42000] [Microsoft][ODBC Driver 18 for SQL Server][SQL Server]选择列表中的列 'users.username' 无效，因为该列没有包含在聚合函数或 GROUP BY 子句中。 (8120); [42000] [Microsoft][ODBC Driver 18 for SQL Server][SQL Server]选择列表中的列 'users.username' 无效，因为该列没有包含在聚合函数或 GROUP BY 子句中。 (8120); [42000] [Microsoft][ODBC Driver 18 for SQL Server][SQL Server]无法预定义语句。 (8180)")

The above exception was the direct cause of the following exception:

Traceback (most recent call last):
  File "C:\Users\Administrator\AppData\Local\Programs\Python\Python312\Lib\site-packages\uvicorn\protocols\http\httptools_impl.py", line 409, in run_asgi
    result = await app(  # type: ignore[func-returns-value]
             ^^^^^^^^^^^^^^^^^^^^^^^^^^^^^^^^^^^^^^^^^^^^^^
  File "C:\Users\Administrator\AppData\Local\Programs\Python\Python312\Lib\site-packages\uvicorn\middleware\proxy_headers.py", line 60, in __call__
    return await self.app(scope, receive, send)
           ^^^^^^^^^^^^^^^^^^^^^^^^^^^^^^^^^^^^
  File "C:\Users\Administrator\AppData\Local\Programs\Python\Python312\Lib\site-packages\fastapi\applications.py", line 1054, in __call__
    await super().__call__(scope, receive, send)
  File "C:\Users\Administrator\AppData\Local\Programs\Python\Python312\Lib\site-packages\starlette\applications.py", line 113, in __call__
    await self.middleware_stack(scope, receive, send)
  File "C:\Users\Administrator\AppData\Local\Programs\Python\Python312\Lib\site-packages\starlette\middleware\errors.py", line 187, in __call__
    raise exc
  File "C:\Users\Administrator\AppData\Local\Programs\Python\Python312\Lib\site-packages\starlette\middleware\errors.py", line 165, in __call__
    await self.app(scope, receive, _send)
  File "C:\Users\Administrator\AppData\Local\Programs\Python\Python312\Lib\site-packages\starlette\middleware\base.py", line 185, in __call__
    with collapse_excgroups():
         ^^^^^^^^^^^^^^^^^^^^
  File "C:\Users\Administrator\AppData\Local\Programs\Python\Python312\Lib\contextlib.py", line 158, in __exit__
    self.gen.throw(value)
  File "C:\Users\Administrator\AppData\Local\Programs\Python\Python312\Lib\site-packages\starlette\_utils.py", line 82, in collapse_excgroups
    raise exc
  File "C:\Users\Administrator\AppData\Local\Programs\Python\Python312\Lib\site-packages\starlette\middleware\base.py", line 187, in __call__
    response = await self.dispatch_func(request, call_next)
               ^^^^^^^^^^^^^^^^^^^^^^^^^^^^^^^^^^^^^^^^^^^^
  File "e:\Demo\Cursor\PythonBlog\backend\app\http_middleware.py", line 37, in api_database_gate
    return await call_next(request)
           ^^^^^^^^^^^^^^^^^^^^^^^^
  File "C:\Users\Administrator\AppData\Local\Programs\Python\Python312\Lib\site-packages\starlette\middleware\base.py", line 163, in call_next
    raise app_exc
  File "C:\Users\Administrator\AppData\Local\Programs\Python\Python312\Lib\site-packages\starlette\middleware\base.py", line 149, in coro
    await self.app(scope, receive_or_disconnect, send_no_error)
  File "C:\Users\Administrator\AppData\Local\Programs\Python\Python312\Lib\site-packages\starlette\middleware\cors.py", line 85, in __call__
    await self.app(scope, receive, send)
  File "C:\Users\Administrator\AppData\Local\Programs\Python\Python312\Lib\site-packages\starlette\middleware\exceptions.py", line 62, in __call__
    await wrap_app_handling_exceptions(self.app, conn)(scope, receive, send)
  File "C:\Users\Administrator\AppData\Local\Programs\Python\Python312\Lib\site-packages\starlette\_exception_handler.py", line 53, in wrapped_app
    raise exc
  File "C:\Users\Administrator\AppData\Local\Programs\Python\Python312\Lib\site-packages\starlette\_exception_handler.py", line 42, in wrapped_app
    await app(scope, receive, sender)
  File "C:\Users\Administrator\AppData\Local\Programs\Python\Python312\Lib\site-packages\starlette\routing.py", line 715, in __call__
    await self.middleware_stack(scope, receive, send)
  File "C:\Users\Administrator\AppData\Local\Programs\Python\Python312\Lib\site-packages\starlette\routing.py", line 735, in app
    await route.handle(scope, receive, send)
  File "C:\Users\Administrator\AppData\Local\Programs\Python\Python312\Lib\site-packages\starlette\routing.py", line 288, in handle
    await self.app(scope, receive, send)
  File "C:\Users\Administrator\AppData\Local\Programs\Python\Python312\Lib\site-packages\starlette\routing.py", line 76, in app
    await wrap_app_handling_exceptions(app, request)(scope, receive, send)
  File "C:\Users\Administrator\AppData\Local\Programs\Python\Python312\Lib\site-packages\starlette\_exception_handler.py", line 53, in wrapped_app
    raise exc
  File "C:\Users\Administrator\AppData\Local\Programs\Python\Python312\Lib\site-packages\starlette\_exception_handler.py", line 42, in wrapped_app
    await app(scope, receive, sender)
  File "C:\Users\Administrator\AppData\Local\Programs\Python\Python312\Lib\site-packages\starlette\routing.py", line 73, in app
    response = await f(request)
               ^^^^^^^^^^^^^^^^
  File "C:\Users\Administrator\AppData\Local\Programs\Python\Python312\Lib\site-packages\fastapi\routing.py", line 301, in app
    raw_response = await run_endpoint_function(
                   ^^^^^^^^^^^^^^^^^^^^^^^^^^^^
  File "C:\Users\Administrator\AppData\Local\Programs\Python\Python312\Lib\site-packages\fastapi\routing.py", line 214, in run_endpoint_function
    return await run_in_threadpool(dependant.call, **values)
           ^^^^^^^^^^^^^^^^^^^^^^^^^^^^^^^^^^^^^^^^^^^^^^^^^
  File "C:\Users\Administrator\AppData\Local\Programs\Python\Python312\Lib\site-packages\starlette\concurrency.py", line 39, in run_in_threadpool
    return await anyio.to_thread.run_sync(func, *args)
           ^^^^^^^^^^^^^^^^^^^^^^^^^^^^^^^^^^^^^^^^^^^
  File "C:\Users\Administrator\AppData\Local\Programs\Python\Python312\Lib\site-packages\anyio\to_thread.py", line 63, in run_sync
    return await get_async_backend().run_sync_in_worker_thread(
           ^^^^^^^^^^^^^^^^^^^^^^^^^^^^^^^^^^^^^^^^^^^^^^^^^^^^
  File "C:\Users\Administrator\AppData\Local\Programs\Python\Python312\Lib\site-packages\anyio\_backends\_asyncio.py", line 2518, in run_sync_in_worker_thread
    return await future
           ^^^^^^^^^^^^
  File "C:\Users\Administrator\AppData\Local\Programs\Python\Python312\Lib\site-packages\anyio\_backends\_asyncio.py", line 1002, in run
    result = context.run(func, *args)
             ^^^^^^^^^^^^^^^^^^^^^^^^
  File "e:\Demo\Cursor\PythonBlog\backend\app\routers\ops.py", line 341, in dashboard_visual
    .all()
     ^^^^^
  File "C:\Users\Administrator\AppData\Local\Programs\Python\Python312\Lib\site-packages\sqlalchemy\orm\query.py", line 2673, in all
    return self._iter().all()  # type: ignore
           ^^^^^^^^^^^^
  File "C:\Users\Administrator\AppData\Local\Programs\Python\Python312\Lib\site-packages\sqlalchemy\orm\query.py", line 2827, in _iter
    result: Union[ScalarResult[_T], Result[_T]] = self.session.execute(
                                                  ^^^^^^^^^^^^^^^^^^^^^
  File "C:\Users\Administrator\AppData\Local\Programs\Python\Python312\Lib\site-packages\sqlalchemy\orm\session.py", line 2362, in execute
    return self._execute_internal(
           ^^^^^^^^^^^^^^^^^^^^^^^
  File "C:\Users\Administrator\AppData\Local\Programs\Python\Python312\Lib\site-packages\sqlalchemy\orm\session.py", line 2247, in _execute_internal
    result: Result[Any] = compile_state_cls.orm_execute_statement(
                          ^^^^^^^^^^^^^^^^^^^^^^^^^^^^^^^^^^^^^^^^
  File "C:\Users\Administrator\AppData\Local\Programs\Python\Python312\Lib\site-packages\sqlalchemy\orm\context.py", line 305, in orm_execute_statement
    result = conn.execute(
             ^^^^^^^^^^^^^
  File "C:\Users\Administrator\AppData\Local\Programs\Python\Python312\Lib\site-packages\sqlalchemy\engine\base.py", line 1418, in execute
    return meth(
           ^^^^^
  File "C:\Users\Administrator\AppData\Local\Programs\Python\Python312\Lib\site-packages\sqlalchemy\sql\elements.py", line 515, in _execute_on_connection
    return connection._execute_clauseelement(
           ^^^^^^^^^^^^^^^^^^^^^^^^^^^^^^^^^^
  File "C:\Users\Administrator\AppData\Local\Programs\Python\Python312\Lib\site-packages\sqlalchemy\engine\base.py", line 1640, in _execute_clauseelement
    ret = self._execute_context(
          ^^^^^^^^^^^^^^^^^^^^^^
  File "C:\Users\Administrator\AppData\Local\Programs\Python\Python312\Lib\site-packages\sqlalchemy\engine\base.py", line 1846, in _execute_context
    return self._exec_single_context(
           ^^^^^^^^^^^^^^^^^^^^^^^^^^
  File "C:\Users\Administrator\AppData\Local\Programs\Python\Python312\Lib\site-packages\sqlalchemy\engine\base.py", line 1986, in _exec_single_context
    self._handle_dbapi_exception(
  File "C:\Users\Administrator\AppData\Local\Programs\Python\Python312\Lib\site-packages\sqlalchemy\engine\base.py", line 2355, in _handle_dbapi_exception
    raise sqlalchemy_exception.with_traceback(exc_info[2]) from e
  File "C:\Users\Administrator\AppData\Local\Programs\Python\Python312\Lib\site-packages\sqlalchemy\engine\base.py", line 1967, in _exec_single_context
    self.dialect.do_execute(
  File "C:\Users\Administrator\AppData\Local\Programs\Python\Python312\Lib\site-packages\sqlalchemy\engine\default.py", line 941, in do_execute
    cursor.execute(statement, parameters)
sqlalchemy.exc.ProgrammingError: (pyodbc.ProgrammingError) ('42000', "[42000] [Microsoft][ODBC Driver 18 for SQL Server][SQL Server]选择列表中的列 'users.username' 无效，因为该列没有包含在聚合函数或 GROUP BY 子句中。 (8120) (SQLExecDirectW); [42000] [Microsoft][ODBC Driver 18 for SQL Server][SQL Server]选择列表中的列 'users.username' 无效，因为该列没有包含在聚合函数或 GROUP BY 子句中。 (8120); [42000] [Microsoft][ODBC Driver 18 for SQL Server][SQL Server]选择列表中的列 'users.username' 无效，因为该列没有包含在聚合函数或 GROUP BY 子句中。 (8120); [42000] [Microsoft][ODBC Driver 18 for SQL Server][SQL Server]选择列表中的列 'users.username' 无效，因为该列没有包含在聚合函数或 GROUP BY 子句中。 (8120); [42000] [Microsoft][ODBC Driver 18 for SQL Server][SQL Server]选择列表中的列 'users.username' 无效，因为该列没有包含在聚合函数或 GROUP BY 子句中。 (8120); [42000] [Microsoft][ODBC Driver 18 for SQL Server][SQL Server]选择列表中的列 'users.username' 无效，因为该列没有包含在聚合函数或 GROUP BY 子句中。 (8120); [42000] [Microsoft][ODBC Driver 18 for SQL Server][SQL Server]选择列表中的列 'users.username' 无效，因为该列没有包含在聚合函数或 GROUP BY 子句中。 (8120); [42000] [Microsoft][ODBC Driver 18 for SQL Server][SQL Server]选择列表中的列 'users.username' 无效，因为该列没有包含在聚合函数或 GROUP BY 子句中。 (8120); [42000] [Microsoft][ODBC Driver 18 for SQL Server][SQL Server]无法预定义语句。 (8180)")
[SQL: SELECT TOP 50 posts.author_id AS posts_author_id, coalesce(nullif(trim(coalesce(users.username, ?)), ?), ?) AS coalesce_1 
FROM posts LEFT OUTER JOIN users ON users.id = posts.author_id 
WHERE posts.author_id IS NOT NULL GROUP BY posts.author_id, coalesce(nullif(trim(coalesce(users.username, ?)), ?), ?) ORDER BY count(posts.id) DESC]
[parameters: ('', '', '未知作者', '', '', '未知作者')]
(Background on this error at: https://sqlalche.me/e/20/f405)
